C51 COMPILER V9.54   MAIN                                                                  04/12/2023 23:26:08 PAGE 1   


C51 COMPILER V9.54, COMPILATION OF MODULE MAIN
OBJECT MODULE PLACED IN .\Objects\main.obj
COMPILER INVOKED BY: D:\programmertools\Keil_5\C51\BIN\C51.EXE main.c OPTIMIZE(8,SPEED) BROWSE DEBUG OBJECTEXTEND PRINT(
                    -.\Listings\main.lst) OBJECT(.\Objects\main.obj)

line level    source

   1          #include <REGX52.H>
   2          
   3          void _delay(unsigned int xms){
   4   1              unsigned char i, j;
   5   1              while(xms--){
   6   2                      i = 2;
   7   2                      j = 239;
   8   2                      do{
   9   3                              while (--j);
  10   3                      } while (--i);
  11   2              }
  12   1      }
  13          
  14          unsigned char light[8] = {0xfe, 0xfd, 0xfb, 0xf7, 0xef, 0xdf, 0xbf, 0x7f};
  15          unsigned char i = 0;
  16          unsigned int delay_time = 800;
  17          
  18          void display(){
  19   1              for(i = 0; i < 8; i++){
  20   2                      _delay(delay_time-100);
  21   2                      P2 = light[i];
  22   2                      _delay(delay_time-100);
  23   2                      delay_time -= 100;
  24   2                      
  25   2              }
  26   1              for(i = 7; i >= 0; i--, delay_time--){
  27   2                      _delay(delay_time+100);
  28   2                      P2 = light[i];
  29   2                      _delay(delay_time+100);
  30   2                      delay_time += 100;
  31   2              }
  32   1      }
  33          
  34          void main(){
  35   1              while(1){
  36   2                      display();
  37   2                      P2 = 0xff;
  38   2              }
  39   1      }


MODULE INFORMATION:   STATIC OVERLAYABLE
   CODE SIZE        =    143    ----
   CONSTANT SIZE    =   ----    ----
   XDATA SIZE       =   ----    ----
   PDATA SIZE       =   ----    ----
   DATA SIZE        =     11    ----
   IDATA SIZE       =   ----    ----
   BIT SIZE         =   ----    ----
END OF MODULE INFORMATION.


C51 COMPILATION COMPLETE.  0 WARNING(S),  0 ERROR(S)
