BL51 BANKED LINKER/LOCATER V6.22                                                        04/12/2023  22:24:43  PAGE 1


BL51 BANKED LINKER/LOCATER V6.22, INVOKED BY:
D:\PROGRAMMERTOOLS\KEIL_5\C51\BIN\BL51.EXE .\Objects\main.obj TO .\Objects\project PRINT (.\Listings\project.m51) RAMSIZ
>> E (256)


MEMORY MODEL: SMALL


INPUT MODULES INCLUDED:
  .\Objects\main.obj (MAIN)
  D:\PROGRAMMERTOOLS\KEIL_5\C51\LIB\C51S.LIB (?C_STARTUP)
  D:\PROGRAMMERTOOLS\KEIL_5\C51\LIB\C51S.LIB (?C_INIT)


LINK MAP OF MODULE:  .\Objects\project (MAIN)


            TYPE    BASE      LENGTH    RELOCATION   SEGMENT NAME
            -----------------------------------------------------

            * * * * * * *   D A T A   M E M O R Y   * * * * * * *
            REG     0000H     0008H     ABSOLUTE     "REG BANK 0"
            DATA    0008H     0002H     UNIT         ?DT?MAIN
            IDATA   000AH     0001H     UNIT         ?STACK

            * * * * * * *   C O D E   M E M O R Y   * * * * * * *
            CODE    0000H     0003H     ABSOLUTE     
            CODE    0003H     008CH     UNIT         ?C_C51STARTUP
            CODE    008FH     004EH     UNIT         ?PR?MAIN?MAIN
            CODE    00DDH     0019H     UNIT         ?PR?__DELAY?MAIN
            CODE    00F6H     0005H     UNIT         ?C_INITSEG



OVERLAY MAP OF MODULE:   .\Objects\project (MAIN)


SEGMENT
  +--> CALLED SEGMENT
---------------------
?C_C51STARTUP
  +--> ?PR?MAIN?MAIN
  +--> ?C_INITSEG

?PR?MAIN?MAIN
  +--> ?PR?__DELAY?MAIN



SYMBOL TABLE OF MODULE:  .\Objects\project (MAIN)

  VALUE           TYPE          NAME
  ----------------------------------

  -------         MODULE        MAIN
  C:0000H         SYMBOL        _ICE_DUMMY_
  D:00A0H         PUBLIC        P2
  D:0008H         PUBLIC        target
BL51 BANKED LINKER/LOCATER V6.22                                                      04/12/2023  22:24:43  PAGE 2


  B:00B0H.0       PUBLIC        P3_0
  B:00B0H.1       PUBLIC        P3_1
  C:008FH         PUBLIC        main
  C:00E1H         PUBLIC        __delay
  C:00DDH         SYMBOL        L?0026
  -------         PROC          L?0025
  -------         ENDPROC       L?0025
  C:00DDH         SYMBOL        L?0026
  -------         PROC          __DELAY
  D:0006H         SYMBOL        xms
  -------         DO            
  D:0005H         SYMBOL        i
  D:0004H         SYMBOL        j
  -------         ENDDO         
  C:00E1H         LINE#         5
  C:00E1H         LINE#         7
  C:00EBH         LINE#         8
  C:00EDH         LINE#         9
  C:00EFH         LINE#         10
  C:00EFH         LINE#         11
  C:00F1H         LINE#         12
  C:00F3H         LINE#         13
  C:00F5H         LINE#         14
  -------         ENDPROC       __DELAY
  -------         PROC          MAIN
  -------         DO            
  D:0003H         SYMBOL        temp
  D:0002H         SYMBOL        LEDNum
  -------         ENDDO         
  C:008FH         LINE#         16
  C:008FH         LINE#         17
  C:0091H         LINE#         18
  C:0093H         LINE#         19
  C:0097H         LINE#         20
  C:0097H         LINE#         21
  C:009AH         LINE#         22
  C:009DH         LINE#         23
  C:00A0H         LINE#         24
  C:00A3H         LINE#         25
  C:00A4H         LINE#         26
  C:00AAH         LINE#         27
  C:00ACH         LINE#         28
  C:00ACH         LINE#         29
  C:00B9H         LINE#         30
  C:00B9H         LINE#         31
  C:00BCH         LINE#         32
  C:00BFH         LINE#         33
  C:00C2H         LINE#         34
  C:00C5H         LINE#         35
  C:00C6H         LINE#         36
  C:00CCH         LINE#         37
  C:00CEH         LINE#         38
  C:00CEH         LINE#         39
  C:00DBH         LINE#         40
  C:00DBH         LINE#         41
  -------         ENDPROC       MAIN
  -------         ENDMOD        MAIN
BL51 BANKED LINKER/LOCATER V6.22                                                      04/12/2023  22:24:43  PAGE 3



Program Size: data=11.0 xdata=0 code=251
LINK/LOCATE RUN COMPLETE.  0 WARNING(S),  0 ERROR(S)
