C51 COMPILER V9.54   NIXIE                                                                 05/14/2023 13:03:58 PAGE 1   


C51 COMPILER V9.54, COMPILATION OF MODULE NIXIE
OBJECT MODULE PLACED IN .\Objects\Nixie.obj
COMPILER INVOKED BY: D:\programmertools\Keil_5\C51\BIN\C51.EXE Nixie.c OPTIMIZE(8,SPEED) BROWSE DEBUG OBJECTEXTEND PRINT
                    -(.\Listings\Nixie.lst) OBJECT(.\Objects\Nixie.obj)

line level    source

   1          #include <REGX52.H>
   2          #include "Nixie.h"
   3          #include "Delay.h"
   4          
   5          unsigned char scanNixieTube01(){
   6   1              unsigned char keyNumber = 0;
   7   1              P1 = 0xff;
   8   1              P1_3 = 0;
   9   1              if(P1_7 == 0){_delay(20); while(P1_7 == 0); _delay(20); keyNumber = 0;}
  10   1              if(P1_6 == 0){_delay(20); while(P1_6 == 0); _delay(20); keyNumber = 4;}
  11   1              if(P1_5 == 0){_delay(20); while(P1_5 == 0); _delay(20); keyNumber = 8;}
  12   1              if(P1_4 == 0){_delay(20); while(P1_4 == 0); _delay(20); keyNumber = 12;}
  13   1              
  14   1              P1 = 0xff;
  15   1              P1_2 = 0;
  16   1              if(P1_7 == 0){_delay(20); while(P1_7 == 0); _delay(20); keyNumber = 1;}
  17   1              if(P1_6 == 0){_delay(20); while(P1_6 == 0); _delay(20); keyNumber = 5;}
  18   1              if(P1_5 == 0){_delay(20); while(P1_5 == 0); _delay(20); keyNumber = 9;}
  19   1              if(P1_4 == 0){_delay(20); while(P1_4 == 0); _delay(20); keyNumber = 13;}
  20   1              
  21   1              P1 = 0xff;
  22   1              P1_1 = 0;
  23   1              if(P1_7 == 0){_delay(20); while(P1_7 == 0); _delay(20); keyNumber = 2;}
  24   1              if(P1_6 == 0){_delay(20); while(P1_6 == 0); _delay(20); keyNumber = 6;}
  25   1              if(P1_5 == 0){_delay(20); while(P1_5 == 0); _delay(20); keyNumber = 10;}
  26   1              if(P1_4 == 0){_delay(20); while(P1_4 == 0); _delay(20); keyNumber = 14;}
  27   1              
  28   1              P1 = 0xff;
  29   1              P1_0 = 0;
  30   1              if(P1_7 == 0){_delay(20); while(P1_7 == 0); _delay(20); keyNumber = 3;}
  31   1              if(P1_6 == 0){_delay(20); while(P1_6 == 0); _delay(20); keyNumber = 7;}
  32   1              if(P1_5 == 0){_delay(20); while(P1_5 == 0); _delay(20); keyNumber = 11;}
  33   1              if(P1_4 == 0){_delay(20); while(P1_4 == 0); _delay(20); keyNumber = 15;}
  34   1              return keyNumber;
  35   1      }
  36          
  37          unsigned char scanNixieTube02(){
  38   1              unsigned char keyNumber = 255;
  39   1              P1 = 0x0f;
  40   1              switch(P1){
  41   2                      case(0x07): keyNumber = 0; break;
  42   2                      case(0x0b): keyNumber = 1; break;
  43   2                      case(0x0d): keyNumber = 2; break;
  44   2                      case(0x0e): keyNumber = 3; break;
  45   2              }
  46   1              
  47   1              P1 = 0xf0;
  48   1              switch(P1){
  49   2                      case(0x70): keyNumber += 0; break;
  50   2                      case(0xb0): keyNumber += 4; break;
  51   2                      case(0xd0): keyNumber += 8; break;
  52   2                      case(0xe0): keyNumber += 12; break;
  53   2              }
  54   1              return keyNumber;
C51 COMPILER V9.54   NIXIE                                                                 05/14/2023 13:03:58 PAGE 2   

  55   1      }


MODULE INFORMATION:   STATIC OVERLAYABLE
   CODE SIZE        =    474    ----
   CONSTANT SIZE    =   ----    ----
   XDATA SIZE       =   ----    ----
   PDATA SIZE       =   ----    ----
   DATA SIZE        =   ----       2
   IDATA SIZE       =   ----    ----
   BIT SIZE         =   ----    ----
END OF MODULE INFORMATION.


C51 COMPILATION COMPLETE.  0 WARNING(S),  0 ERROR(S)
